[file]
	version = "1.0.0"
[mobs]
	[[mobs.definition]]
			name = "clown"
			hp = 1
			behaviour = "dll"
			sprite = "clown"
	[[mobs.definition]]
			name = "scientist"
			inherits = "clown"
			behaviour = "none"
			sprite = "scientist"

	[[mobs.spawn]]
		type = "clown"
		pos.x = 9
		pos.y = 2
		facing = 0

	[[mobs.spawn]]
		type = "scientist"
		pos.x = 2
		pos.y = 4
		facing = 2.3561

[actors]
	[[actors.spawn]]
	    name = "gate1"
	    type = "gate"
	    pos.x = 4
	    pos.y = 11
	    closed = true

	[[actors.spawn]]
	    name = "gate2"
	    type = "gate"
	    pos.x = 3
	    pos.y = 11
	    closed = true

	[[actors.spawn]]
	    name = "gate3"
	    type = "gate"
	    pos.x = 3
	    pos.y = 12
	    closed = false

	[[actors.spawn]]
		type = "button"
		pos.x = 6
		pos.y = 1
		acts_on = ["gate1", "gate2", "gate3"]

[map]
	layout = [
		"############",
		"# T #      #",
		"#   # #    #",
		"#   #      #",
		"## ###  ~  #",
		"#  ### ~~~ #",
		"# ######~~~#",
		"# ####~~~~~#",
		"# ####~~~~~#",
		"# ####~~~~~#",
		"#  #####~~~#",
		"#        ~~#",
		"##  #   ~~ #",
		"############"
	]
