[file]
	version = "1.0.0"
[mobs]
	[[mobs.spawn]]
		pos.x = 10
		pos.y = 2
		facing = 0
		hp = 1
		behaviour = "dll"

	[[mobs.spawn]]
		pos.x = 2
		pos.y = 4
		facing = -1.5
		hp = 5
		behaviour = "patrol"
		attack_delay = 1
		throw_delay = 1

	[[mobs.spawn]]
		pos.x = 2
		pos.y = 3
		facing = -1.5
		hp = 5
		behaviour = "aggressive"

[actors]
	[[actors.spawn]]
	    name = "gate1"
	    type = "gate"
	    pos.x = 4
	    pos.y = 11
	    closed = true

	[[actors.spawn]]
	    name = "gate2"
	    type = "gate"
	    pos.x = 10
	    pos.y = 2
	    closed = false

	[[actors.spawn]]
	    name = "gate3"
	    type = "gate"
	    pos.x = 9
	    pos.y = 4
	    closed = false

	[[actors.spawn]]
	    name = "gate4"
	    type = "gate"
	    pos.x = 7
	    pos.y = 3
	    closed = false

	[[actors.spawn]]
	    name = "gate5"
	    type = "gate"
	    pos.x = 7
	    pos.y = 4
	    closed = false

	[[actors.spawn]]
	    name = "gate6"
	    type = "gate"
	    pos.x = 8
	    pos.y = 6
	    closed = false

	[[actors.spawn]]
	    name = "gate7"
	    type = "gate"
	    pos.x = 9
	    pos.y = 5
	    closed = false

	[[actors.spawn]]
		type = "button"
		pos.x = 6
		pos.y = 1
		acts_on = ["gate1", "gate2", "gate3", "gate4", "gate5", "gate6", "gate7"]

[target.location]
	pos.x = 2
	pos.y = 1

[map]
	layout = [
		"############",
		"#   #      #",
		"#   # #### #",
		"#   #      #",
		"## ###  ~  #",
		"#  ### ~~~ #",
		"# ######~~~#",
		"# ####~~~~~#",
		"# ####~~~~~#",
		"# ####~~~~~#",
		"#  #####~~~#",
		"#        ~~#",
		"##  #   ~~ #",
		"############"
	]
